#
# There is insufficient memory for the Java Runtime Environment to continue.
# Native memory allocation (mmap) failed to map 65536 bytes for Failed to commit metaspace.
# Possible reasons:
#   The system is out of physical RAM or swap space
#   The process is running with CompressedOops enabled, and the Java Heap may be blocking the growth of the native heap
# Possible solutions:
#   Reduce memory load on the system
#   Increase physical memory or swap space
#   Check if swap backing store is full
#   Decrease Java heap size (-Xmx/-Xms)
#   Decrease number of Java threads
#   Decrease Java thread stack sizes (-Xss)
#   Set larger code cache with -XX:ReservedCodeCacheSize=
#   JVM is running with Unscaled Compressed Oops mode in which the Java heap is
#     placed in the first 4GB address space. The Java Heap base address is the
#     maximum limit for the native heap growth. Please use -XX:HeapBaseMinAddress
#     to set the Java Heap base and to place the Java Heap above 4GB virtual address.
# This output file may be truncated or incomplete.
#
#  Out of Memory Error (virtualSpaceNode.cpp:110), pid=14008, tid=5040
#
# JRE version: OpenJDK Runtime Environment Corretto-18.0.2.9.1 (18.0.2+9) (build 18.0.2+9-FR)
# Java VM: OpenJDK 64-Bit Server VM Corretto-18.0.2.9.1 (18.0.2+9-FR, mixed mode, sharing, tiered, compressed oops, compressed class ptrs, g1 gc, windows-amd64)
# No core dump will be written. Minidumps are not enabled by default on client versions of Windows
#

---------------  S U M M A R Y ------------

Command Line: -agentlib:jdwp=transport=dt_socket,address=127.0.0.1:64035,suspend=y,server=n -javaagent:C:\Users\VikramKrishna\AppData\Local\JetBrains\IdeaIC2024.3\captureAgent\debugger-agent.jar -Dkotlinx.coroutines.debug.enable.creation.stack.trace=false -Ddebugger.agent.enable.coroutines=true -Dkotlinx.coroutines.debug.enable.flows.stack.trace=true -Dkotlinx.coroutines.debug.enable.mutable.state.flows.stack.trace=true -Dfile.encoding=UTF-8 -Dsun.stdout.encoding=UTF-8 -Dsun.stderr.encoding=UTF-8 com.trading.app.TradingApplication --spring.profiles.active=dev

Host: Intel(R) Core(TM) i5-4590S CPU @ 3.00GHz, 4 cores, 7G,  Windows 10 , 64 bit Build 19041 (10.0.19041.5915)
Time: Wed Jul 29 18:35:49 2026 India Standard Time elapsed time: 1.974043 seconds (0d 0h 0m 1s)

---------------  T H R E A D  ---------------

Current thread (0x000001ce3cce7ab0):  JavaThread "restartedMain" [_thread_in_vm, id=5040, stack(0x00000060c2400000,0x00000060c2500000)]

Stack: [0x00000060c2400000,0x00000060c2500000]
Native frames: (J=compiled Java code, j=interpreted, Vv=VM code, C=native code)
V  [jvm.dll+0x685a2a]
V  [jvm.dll+0x82ae8d]
V  [jvm.dll+0x82c75e]
V  [jvm.dll+0x82ce03]
V  [jvm.dll+0x25ef4b]
V  [jvm.dll+0x826bdb]
V  [jvm.dll+0x62d206]
V  [jvm.dll+0x62d26a]
V  [jvm.dll+0x62f9b6]
V  [jvm.dll+0x62f88e]
V  [jvm.dll+0x62dbc5]
V  [jvm.dll+0x25391f]
V  [jvm.dll+0x637785]
V  [jvm.dll+0x207486]
V  [jvm.dll+0x207915]
V  [jvm.dll+0x208351]
V  [jvm.dll+0x1fde59]
V  [jvm.dll+0x54c245]
V  [jvm.dll+0x20e717]
V  [jvm.dll+0x7a7e76]
V  [jvm.dll+0x7a9106]
V  [jvm.dll+0x7a9438]
V  [jvm.dll+0x257363]
V  [jvm.dll+0x3a05e6]
C  0x000001ce22257b8a

Java frames: (J=compiled Java code, j=interpreted, Vv=VM code)
j  sun.security.jca.ProviderList.<clinit>()V+20 java.base@18.0.2
v  ~StubRoutines::call_stub
j  sun.security.jca.Providers.<clinit>()V+10 java.base@18.0.2
v  ~StubRoutines::call_stub
j  java.security.SecureRandom.getDefaultPRNG(Z[B)V+5 java.base@18.0.2
j  java.security.SecureRandom.<init>()V+23 java.base@18.0.2
j  org.springframework.boot.env.RandomValuePropertySource.<init>(Ljava/lang/String;)V+6
j  org.springframework.boot.env.RandomValuePropertySource.addToEnvironment(Lorg/springframework/core/env/ConfigurableEnvironment;Lorg/apache/commons/logging/Log;)V+33
j  org.springframework.boot.support.RandomValuePropertySourceEnvironmentPostProcessor.postProcessEnvironment(Lorg/springframework/core/env/ConfigurableEnvironment;Lorg/springframework/boot/SpringApplication;)V+5
j  org.springframework.boot.support.EnvironmentPostProcessorApplicationListener.onApplicationEnvironmentPreparedEvent(Lorg/springframework/boot/context/event/ApplicationEnvironmentPreparedEvent;)V+66
j  org.springframework.boot.support.EnvironmentPostProcessorApplicationListener.onApplicationEvent(Lorg/springframework/context/ApplicationEvent;)V+14
j  org.springframework.context.event.SimpleApplicationEventMulticaster.doInvokeListener(Lorg/springframework/context/ApplicationListener;Lorg/springframework/context/ApplicationEvent;)V+2
j  org.springframework.context.event.SimpleApplicationEventMulticaster.invokeListener(Lorg/springframework/context/ApplicationListener;Lorg/springframework/context/ApplicationEvent;)V+34
j  org.springframework.context.event.SimpleApplicationEventMulticaster.multicastEvent(Lorg/springframework/context/ApplicationEvent;Lorg/springframework/core/ResolvableType;)V+104
j  org.springframework.context.event.SimpleApplicationEventMulticaster.multicastEvent(Lorg/springframework/context/ApplicationEvent;)V+3
j  org.springframework.boot.context.event.EventPublishingRunListener.multicastInitialEvent(Lorg/springframework/context/ApplicationEvent;)V+9
j  org.springframework.boot.context.event.EventPublishingRunListener.environmentPrepared(Lorg/springframework/boot/bootstrap/ConfigurableBootstrapContext;Lorg/springframework/core/env/ConfigurableEnvironment;)V+18
j  org.springframework.boot.SpringApplicationRunListeners.lambda$environmentPrepared$0(Lorg/springframework/boot/bootstrap/ConfigurableBootstrapContext;Lorg/springframework/core/env/ConfigurableEnvironment;Lorg/springframework/boot/SpringApplicationRunListener;)V+3
j  org.springframework.boot.SpringApplicationRunListeners$$Lambda$136+0x0000000800d2bbf8.accept(Ljava/lang/Object;)V+12
j  java.lang.Iterable.forEach(Ljava/util/function/Consumer;)V+30 java.base@18.0.2
j  org.springframework.boot.SpringApplicationRunListeners.doWithListeners(Ljava/lang/String;Ljava/util/function/Consumer;Ljava/util/function/Consumer;)V+17
j  org.springframework.boot.SpringApplicationRunListeners.doWithListeners(Ljava/lang/String;Ljava/util/function/Consumer;)V+4
j  org.springframework.boot.SpringApplicationRunListeners.environmentPrepared(Lorg/springframework/boot/bootstrap/ConfigurableBootstrapContext;Lorg/springframework/core/env/ConfigurableEnvironment;)V+10
j  org.springframework.boot.SpringApplication.prepareEnvironment(Lorg/springframework/boot/SpringApplicationRunListeners;Lorg/springframework/boot/bootstrap/DefaultBootstrapContext;Lorg/springframework/boot/ApplicationArguments;)Lorg/springframework/core/env/ConfigurableEnvironment;+27
j  org.springframework.boot.SpringApplication.run([Ljava/lang/String;)Lorg/springframework/context/ConfigurableApplicationContext;+65
j  org.springframework.boot.SpringApplication.run([Ljava/lang/Class;[Ljava/lang/String;)Lorg/springframework/context/ConfigurableApplicationContext;+9
j  org.springframework.boot.SpringApplication.run(Ljava/lang/Class;[Ljava/lang/String;)Lorg/springframework/context/ConfigurableApplicationContext;+9
j  com.trading.app.TradingApplication.main([Ljava/lang/String;)V+3
j  java.lang.invoke.LambdaForm$DMH+0x0000000800d06400.invokeStatic(Ljava/lang/Object;Ljava/lang/Object;)V+10 java.base@18.0.2
j  java.lang.invoke.LambdaForm$MH+0x0000000800d07c00.invoke(Ljava/lang/Object;Ljava/lang/Object;Ljava/lang/Object;)Ljava/lang/Object;+33 java.base@18.0.2
j  java.lang.invoke.Invokers$Holder.invokeExact_MT(Ljava/lang/Object;Ljava/lang/Object;Ljava/lang/Object;Ljava/lang/Object;)Ljava/lang/Object;+20 java.base@18.0.2
j  jdk.internal.reflect.DirectMethodHandleAccessor.invokeImpl(Ljava/lang/Object;[Ljava/lang/Object;)Ljava/lang/Object;+55 java.base@18.0.2
j  jdk.internal.reflect.DirectMethodHandleAccessor.invoke(Ljava/lang/Object;[Ljava/lang/Object;)Ljava/lang/Object;+23 java.base@18.0.2
j  java.lang.reflect.Method.invoke(Ljava/lang/Object;[Ljava/lang/Object;)Ljava/lang/Object;+102 java.base@18.0.2
j  org.springframework.boot.devtools.restart.RestartLauncher.run()V+47
v  ~StubRoutines::call_stub

---------------  P R O C E S S  ---------------

Threads class SMR info:
_java_thread_list=0x000001ce3d4eee70, length=18, elements={
0x000001ce1a6693b0, 0x000001ce381fac20, 0x000001ce381ff890, 0x000001ce38213980,
0x000001ce38215490, 0x000001ce38215e30, 0x000001ce382167d0, 0x000001ce3821cc30,
0x000001ce3821d890, 0x000001ce38227a50, 0x000001ce381e0ab0, 0x000001ce3c556920,
0x000001ce3c555500, 0x000001ce3c5559e0, 0x000001ce3c6eaaf0, 0x000001ce3c7fe6d0,
0x000001ce3cce6770, 0x000001ce3cce7ab0
}

Java Threads: ( => current thread )
  0x000001ce1a6693b0 JavaThread "main" [_thread_blocked, id=12588, stack(0x00000060c0900000,0x00000060c0a00000)]
  0x000001ce381fac20 JavaThread "Reference Handler" daemon [_thread_blocked, id=10664, stack(0x00000060c1000000,0x00000060c1100000)]
  0x000001ce381ff890 JavaThread "Finalizer" daemon [_thread_blocked, id=13484, stack(0x00000060c1100000,0x00000060c1200000)]
  0x000001ce38213980 JavaThread "Signal Dispatcher" daemon [_thread_blocked, id=892, stack(0x00000060c1200000,0x00000060c1300000)]
  0x000001ce38215490 JavaThread "Attach Listener" daemon [_thread_blocked, id=8424, stack(0x00000060c1300000,0x00000060c1400000)]
  0x000001ce38215e30 JavaThread "Service Thread" daemon [_thread_blocked, id=15764, stack(0x00000060c1400000,0x00000060c1500000)]
  0x000001ce382167d0 JavaThread "Monitor Deflation Thread" daemon [_thread_blocked, id=9968, stack(0x00000060c1500000,0x00000060c1600000)]
  0x000001ce3821cc30 JavaThread "C2 CompilerThread0" daemon [_thread_blocked, id=9692, stack(0x00000060c1600000,0x00000060c1700000)]
  0x000001ce3821d890 JavaThread "C1 CompilerThread0" daemon [_thread_in_vm, id=3620, stack(0x00000060c1700000,0x00000060c1800000)]
  0x000001ce38227a50 JavaThread "Sweeper thread" daemon [_thread_blocked, id=9140, stack(0x00000060c1800000,0x00000060c1900000)]
  0x000001ce381e0ab0 JavaThread "Common-Cleaner" daemon [_thread_blocked, id=6632, stack(0x00000060c1900000,0x00000060c1a00000)]
  0x000001ce3c556920 JavaThread "JDWP Transport Listener: dt_socket" daemon [_thread_blocked, id=4676, stack(0x00000060c1a00000,0x00000060c1b00000)]
  0x000001ce3c555500 JavaThread "JDWP Event Helper Thread" daemon [_thread_blocked, id=12728, stack(0x00000060c1b00000,0x00000060c1c00000)]
  0x000001ce3c5559e0 JavaThread "JDWP Command Reader" daemon [_thread_in_native, id=9844, stack(0x00000060c1c00000,0x00000060c1d00000)]
  0x000001ce3c6eaaf0 JavaThread "Notification Thread" daemon [_thread_blocked, id=15224, stack(0x00000060c1d00000,0x00000060c1e00000)]
  0x000001ce3c7fe6d0 JavaThread "C2 CompilerThread1" daemon [_thread_blocked, id=9568, stack(0x00000060c1f00000,0x00000060c2000000)]
  0x000001ce3cce6770 JavaThread "Thread-0" [_thread_blocked, id=3080, stack(0x00000060c2300000,0x00000060c2400000)]
=>0x000001ce3cce7ab0 JavaThread "restartedMain" [_thread_in_vm, id=5040, stack(0x00000060c2400000,0x00000060c2500000)]

Other Threads:
  0x000001ce381f2ff0 VMThread "VM Thread" [stack: 0x00000060c0f00000,0x00000060c1000000] [id=3020]
  0x000001ce3c620bb0 WatcherThread "VM Periodic Task Thread" [stack: 0x00000060c1e00000,0x00000060c1f00000] [id=6260]
  0x000001ce1a6ca420 WorkerThread "GC Thread#0" [stack: 0x00000060c0a00000,0x00000060c0b00000] [id=13648]
  0x000001ce3cbf6ee0 WorkerThread "GC Thread#1" [stack: 0x00000060c2000000,0x00000060c2100000] [id=14388]
  0x000001ce3cc23350 WorkerThread "GC Thread#2" [stack: 0x00000060c2100000,0x00000060c2200000] [id=14352]
  0x000001ce3cc1e440 WorkerThread "GC Thread#3" [stack: 0x00000060c2200000,0x00000060c2300000] [id=12672]
  0x000001ce1a6dc0e0 ConcurrentGCThread "G1 Main Marker" [stack: 0x00000060c0b00000,0x00000060c0c00000] [id=12972]
  0x000001ce1a6dcad0 WorkerThread "G1 Conc#0" [stack: 0x00000060c0c00000,0x00000060c0d00000] [id=7688]
  0x000001ce1a71a690 ConcurrentGCThread "G1 Refine#0" [stack: 0x00000060c0d00000,0x00000060c0e00000] [id=9580]
  0x000001ce1a71afa0 ConcurrentGCThread "G1 Service" [stack: 0x00000060c0e00000,0x00000060c0f00000] [id=8464]

Threads with active compile tasks:
C1 CompilerThread0     2000 1241       3       java.lang.invoke.MethodHandles$Lookup$ClassFile::readUnsignedShort (39 bytes)

VM state: not at safepoint (normal execution)

VM Mutex/Monitor currently owned by a thread:  ([mutex/lock_event])
[0x000001ce1a658ab0] Metaspace_lock - owner thread: 0x000001ce3cce7ab0
[0x000001ce1a664e10] MethodData_lock - owner thread: 0x000001ce3821d890

Heap address: 0x0000000081400000, size: 2028 MB, Compressed Oops mode: 32-bit

CDS archive(s) mapped at: [0x0000000800000000-0x0000000800ba0000-0x0000000800ba0000), size 12189696, SharedBaseAddress: 0x0000000800000000, ArchiveRelocationMode: 0.
Compressed class space mapped at: 0x0000000800c00000-0x0000000840c00000, reserved size: 1073741824
Narrow klass base: 0x0000000800000000, Narrow klass shift: 0, Narrow klass range: 0x100000000

GC Precious Log:
 CardTable entry size: 512
 Card Set container configuration: InlinePtr #cards 5 size 8 Array Of Cards #cards 12 size 40 Howl #buckets 4 coarsen threshold 1843 Howl Bitmap #cards 512 size 80 coarsen threshold 460 Card regions per heap region 1 cards per card region 2048
 CPUs: 4 total, 4 available
 Memory: 8110M
 Large Page Support: Disabled
 NUMA Support: Disabled
 Compressed Oops: Enabled (32-bit)
 Heap Region Size: 1M
 Heap Min Capacity: 8M
 Heap Initial Capacity: 128M
 Heap Max Capacity: 2028M
 Pre-touch: Disabled
 Parallel Workers: 4
 Concurrent Workers: 1
 Concurrent Refinement Workers: 4
 Periodic GC: Disabled

Heap:
 garbage-first heap   total 131072K, used 8516K [0x0000000081400000, 0x0000000100000000)
  region size 1024K, 6 young (6144K), 1 survivors (1024K)
 Metaspace       used 10818K, committed 11072K, reserved 1114112K
  class space    used 1120K, committed 1280K, reserved 1048576K

Heap Regions: E=young(eden), S=young(survivor), O=old, HS=humongous(starts), HC=humongous(continues), CS=collection set, F=free, OA=open archive, CA=closed archive, TAMS=top-at-mark-start (previous, next)
|   0|0x0000000081400000, 0x0000000081500000, 0x0000000081500000|100%| O|  |TAMS 0x0000000081400000, 0x0000000081400000| Untracked 
|   1|0x0000000081500000, 0x0000000081600000, 0x0000000081600000|100%| O|  |TAMS 0x0000000081500000, 0x0000000081500000| Untracked 
|   2|0x0000000081600000, 0x0000000081700000, 0x0000000081700000|100%| O|  |TAMS 0x0000000081600000, 0x0000000081600000| Untracked 
|   3|0x0000000081700000, 0x0000000081781208, 0x0000000081800000| 50%| O|  |TAMS 0x0000000081700000, 0x0000000081700000| Untracked 
|   4|0x0000000081800000, 0x0000000081800000, 0x0000000081900000|  0%| F|  |TAMS 0x0000000081800000, 0x0000000081800000| Untracked 
|   5|0x0000000081900000, 0x0000000081900000, 0x0000000081a00000|  0%| F|  |TAMS 0x0000000081900000, 0x0000000081900000| Untracked 
|   6|0x0000000081a00000, 0x0000000081a00000, 0x0000000081b00000|  0%| F|  |TAMS 0x0000000081a00000, 0x0000000081a00000| Untracked 
|   7|0x0000000081b00000, 0x0000000081b00000, 0x0000000081c00000|  0%| F|  |TAMS 0x0000000081b00000, 0x0000000081b00000| Untracked 
|   8|0x0000000081c00000, 0x0000000081c00000, 0x0000000081d00000|  0%| F|  |TAMS 0x0000000081c00000, 0x0000000081c00000| Untracked 
|   9|0x0000000081d00000, 0x0000000081d00000, 0x0000000081e00000|  0%| F|  |TAMS 0x0000000081d00000, 0x0000000081d00000| Untracked 
|  10|0x0000000081e00000, 0x0000000081e00000, 0x0000000081f00000|  0%| F|  |TAMS 0x0000000081e00000, 0x0000000081e00000| Untracked 
|  11|0x0000000081f00000, 0x0000000081f00000, 0x0000000082000000|  0%| F|  |TAMS 0x0000000081f00000, 0x0000000081f00000| Untracked 
|  12|0x0000000082000000, 0x0000000082000000, 0x0000000082100000|  0%| F|  |TAMS 0x0000000082000000, 0x0000000082000000| Untracked 
|  13|0x0000000082100000, 0x0000000082100000, 0x0000000082200000|  0%| F|  |TAMS 0x0000000082100000, 0x0000000082100000| Untracked 
|  14|0x0000000082200000, 0x0000000082200000, 0x0000000082300000|  0%| F|  |TAMS 0x0000000082200000, 0x0000000082200000| Untracked 
|  15|0x0000000082300000, 0x0000000082300000, 0x0000000082400000|  0%| F|  |TAMS 0x0000000082300000, 0x0000000082300000| Untracked 
|  16|0x0000000082400000, 0x0000000082400000, 0x0000000082500000|  0%| F|  |TAMS 0x0000000082400000, 0x0000000082400000| Untracked 
|  17|0x0000000082500000, 0x0000000082500000, 0x0000000082600000|  0%| F|  |TAMS 0x0000000082500000, 0x0000000082500000| Untracked 
|  18|0x0000000082600000, 0x0000000082600000, 0x0000000082700000|  0%| F|  |TAMS 0x0000000082600000, 0x0000000082600000| Untracked 
|  19|0x0000000082700000, 0x0000000082700000, 0x0000000082800000|  0%| F|  |TAMS 0x0000000082700000, 0x0000000082700000| Untracked 
|  20|0x0000000082800000, 0x0000000082800000, 0x0000000082900000|  0%| F|  |TAMS 0x0000000082800000, 0x0000000082800000| Untracked 
|  21|0x0000000082900000, 0x0000000082900000, 0x0000000082a00000|  0%| F|  |TAMS 0x0000000082900000, 0x0000000082900000| Untracked 
|  22|0x0000000082a00000, 0x0000000082a00000, 0x0000000082b00000|  0%| F|  |TAMS 0x0000000082a00000, 0x0000000082a00000| Untracked 
|  23|0x0000000082b00000, 0x0000000082b00000, 0x0000000082c00000|  0%| F|  |TAMS 0x0000000082b00000, 0x0000000082b00000| Untracked 
|  24|0x0000000082c00000, 0x0000000082c00000, 0x0000000082d00000|  0%| F|  |TAMS 0x0000000082c00000, 0x0000000082c00000| Untracked 
|  25|0x0000000082d00000, 0x0000000082d00000, 0x0000000082e00000|  0%| F|  |TAMS 0x0000000082d00000, 0x0000000082d00000| Untracked 
|  26|0x0000000082e00000, 0x0000000082e00000, 0x0000000082f00000|  0%| F|  |TAMS 0x0000000082e00000, 0x0000000082e00000| Untracked 
|  27|0x0000000082f00000, 0x0000000082f00000, 0x0000000083000000|  0%| F|  |TAMS 0x0000000082f00000, 0x0000000082f00000| Untracked 
|  28|0x0000000083000000, 0x0000000083000000, 0x0000000083100000|  0%| F|  |TAMS 0x0000000083000000, 0x0000000083000000| Untracked 
|  29|0x0000000083100000, 0x0000000083100000, 0x0000000083200000|  0%| F|  |TAMS 0x0000000083100000, 0x0000000083100000| Untracked 
|  30|0x0000000083200000, 0x0000000083200000, 0x0000000083300000|  0%| F|  |TAMS 0x0000000083200000, 0x0000000083200000| Untracked 
|  31|0x0000000083300000, 0x0000000083300000, 0x0000000083400000|  0%| F|  |TAMS 0x0000000083300000, 0x0000000083300000| Untracked 
|  32|0x0000000083400000, 0x0000000083400000, 0x0000000083500000|  0%| F|  |TAMS 0x0000000083400000, 0x0000000083400000| Untracked 
|  33|0x0000000083500000, 0x0000000083500000, 0x0000000083600000|  0%| F|  |TAMS 0x0000000083500000, 0x0000000083500000| Untracked 
|  34|0x0000000083600000, 0x0000000083600000, 0x0000000083700000|  0%| F|  |TAMS 0x0000000083600000, 0x0000000083600000| Untracked 
|  35|0x0000000083700000, 0x0000000083700000, 0x0000000083800000|  0%| F|  |TAMS 0x0000000083700000, 0x0000000083700000| Untracked 
|  36|0x0000000083800000, 0x0000000083800000, 0x0000000083900000|  0%| F|  |TAMS 0x0000000083800000, 0x0000000083800000| Untracked 
|  37|0x0000000083900000, 0x0000000083900000, 0x0000000083a00000|  0%| F|  |TAMS 0x0000000083900000, 0x0000000083900000| Untracked 
|  38|0x0000000083a00000, 0x0000000083a00000, 0x0000000083b00000|  0%| F|  |TAMS 0x0000000083a00000, 0x0000000083a00000| Untracked 
|  39|0x0000000083b00000, 0x0000000083b00000, 0x0000000083c00000|  0%| F|  |TAMS 0x0000000083b00000, 0x0000000083b00000| Untracked 
|  40|0x0000000083c00000, 0x0000000083c00000, 0x0000000083d00000|  0%| F|  |TAMS 0x0000000083c00000, 0x0000000083c00000| Untracked 
|  41|0x0000000083d00000, 0x0000000083d00000, 0x0000000083e00000|  0%| F|  |TAMS 0x0000000083d00000, 0x0000000083d00000| Untracked 
|  42|0x0000000083e00000, 0x0000000083e00000, 0x0000000083f00000|  0%| F|  |TAMS 0x0000000083e00000, 0x0000000083e00000| Untracked 
|  43|0x0000000083f00000, 0x0000000083f00000, 0x0000000084000000|  0%| F|  |TAMS 0x0000000083f00000, 0x0000000083f00000| Untracked 
|  44|0x0000000084000000, 0x0000000084000000, 0x0000000084100000|  0%| F|  |TAMS 0x0000000084000000, 0x0000000084000000| Untracked 
|  45|0x0000000084100000, 0x0000000084100000, 0x0000000084200000|  0%| F|  |TAMS 0x0000000084100000, 0x0000000084100000| Untracked 
|  46|0x0000000084200000, 0x0000000084200000, 0x0000000084300000|  0%| F|  |TAMS 0x0000000084200000, 0x0000000084200000| Untracked 
|  47|0x0000000084300000, 0x0000000084300000, 0x0000000084400000|  0%| F|  |TAMS 0x0000000084300000, 0x0000000084300000| Untracked 
|  48|0x0000000084400000, 0x0000000084400000, 0x0000000084500000|  0%| F|  |TAMS 0x0000000084400000, 0x0000000084400000| Untracked 
|  49|0x0000000084500000, 0x0000000084500000, 0x0000000084600000|  0%| F|  |TAMS 0x0000000084500000, 0x0000000084500000| Untracked 
|  50|0x0000000084600000, 0x0000000084600000, 0x0000000084700000|  0%| F|  |TAMS 0x0000000084600000, 0x0000000084600000| Untracked 
|  51|0x0000000084700000, 0x0000000084700000, 0x0000000084800000|  0%| F|  |TAMS 0x0000000084700000, 0x0000000084700000| Untracked 
|  52|0x0000000084800000, 0x0000000084800000, 0x0000000084900000|  0%| F|  |TAMS 0x0000000084800000, 0x0000000084800000| Untracked 
|  53|0x0000000084900000, 0x0000000084900000, 0x0000000084a00000|  0%| F|  |TAMS 0x0000000084900000, 0x0000000084900000| Untracked 
|  54|0x0000000084a00000, 0x0000000084a00000, 0x0000000084b00000|  0%| F|  |TAMS 0x0000000084a00000, 0x0000000084a00000| Untracked 
|  55|0x0000000084b00000, 0x0000000084b00000, 0x0000000084c00000|  0%| F|  |TAMS 0x0000000084b00000, 0x0000000084b00000| Untracked 
|  56|0x0000000084c00000, 0x0000000084c00000, 0x0000000084d00000|  0%| F|  |TAMS 0x0000000084c00000, 0x0000000084c00000| Untracked 
|  57|0x0000000084d00000, 0x0000000084d00000, 0x0000000084e00000|  0%| F|  |TAMS 0x0000000084d00000, 0x0000000084d00000| Untracked 
|  58|0x0000000084e00000, 0x0000000084e00000, 0x0000000084f00000|  0%| F|  |TAMS 0x0000000084e00000, 0x0000000084e00000| Untracked 
|  59|0x0000000084f00000, 0x0000000084f00000, 0x0000000085000000|  0%| F|  |TAMS 0x0000000084f00000, 0x0000000084f00000| Untracked 
|  60|0x0000000085000000, 0x0000000085000000, 0x0000000085100000|  0%| F|  |TAMS 0x0000000085000000, 0x0000000085000000| Untracked 
|  61|0x0000000085100000, 0x0000000085100000, 0x0000000085200000|  0%| F|  |TAMS 0x0000000085100000, 0x0000000085100000| Untracked 
|  62|0x0000000085200000, 0x0000000085200000, 0x0000000085300000|  0%| F|  |TAMS 0x0000000085200000, 0x0000000085200000| Untracked 
|  63|0x0000000085300000, 0x0000000085300000, 0x0000000085400000|  0%| F|  |TAMS 0x0000000085300000, 0x0000000085300000| Untracked 
|  64|0x0000000085400000, 0x0000000085400000, 0x0000000085500000|  0%| F|  |TAMS 0x0000000085400000, 0x0000000085400000| Untracked 
|  65|0x0000000085500000, 0x0000000085500000, 0x0000000085600000|  0%| F|  |TAMS 0x0000000085500000, 0x0000000085500000| Untracked 
|  66|0x0000000085600000, 0x0000000085600000, 0x0000000085700000|  0%| F|  |TAMS 0x0000000085600000, 0x0000000085600000| Untracked 
|  67|0x0000000085700000, 0x0000000085700000, 0x0000000085800000|  0%| F|  |TAMS 0x0000000085700000, 0x0000000085700000| Untracked 
|  68|0x0000000085800000, 0x0000000085800000, 0x0000000085900000|  0%| F|  |TAMS 0x0000000085800000, 0x0000000085800000| Untracked 
|  69|0x0000000085900000, 0x0000000085900000, 0x0000000085a00000|  0%| F|  |TAMS 0x0000000085900000, 0x0000000085900000| Untracked 
|  70|0x0000000085a00000, 0x0000000085a00000, 0x0000000085b00000|  0%| F|  |TAMS 0x0000000085a00000, 0x0000000085a00000| Untracked 
|  71|0x0000000085b00000, 0x0000000085b00000, 0x0000000085c00000|  0%| F|  |TAMS 0x0000000085b00000, 0x0000000085b00000| Untracked 
|  72|0x0000000085c00000, 0x0000000085c00000, 0x0000000085d00000|  0%| F|  |TAMS 0x0000000085c00000, 0x0000000085c00000| Untracked 
|  73|0x0000000085d00000, 0x0000000085d00000, 0x0000000085e00000|  0%| F|  |TAMS 0x0000000085d00000, 0x0000000085d00000| Untracked 
|  74|0x0000000085e00000, 0x0000000085e00000, 0x0000000085f00000|  0%| F|  |TAMS 0x0000000085e00000, 0x0000000085e00000| Untracked 
|  75|0x0000000085f00000, 0x0000000085f00000, 0x0000000086000000|  0%| F|  |TAMS 0x0000000085f00000, 0x0000000085f00000| Untracked 
|  76|0x0000000086000000, 0x0000000086000000, 0x0000000086100000|  0%| F|  |TAMS 0x0000000086000000, 0x0000000086000000| Untracked 
|  77|0x0000000086100000, 0x0000000086100000, 0x0000000086200000|  0%| F|  |TAMS 0x0000000086100000, 0x0000000086100000| Untracked 
|  78|0x0000000086200000, 0x0000000086200000, 0x0000000086300000|  0%| F|  |TAMS 0x0000000086200000, 0x0000000086200000| Untracked 
|  79|0x0000000086300000, 0x0000000086300000, 0x0000000086400000|  0%| F|  |TAMS 0x0000000086300000, 0x0000000086300000| Untracked 
|  80|0x0000000086400000, 0x0000000086400000, 0x0000000086500000|  0%| F|  |TAMS 0x0000000086400000, 0x0000000086400000| Untracked 
|  81|0x0000000086500000, 0x0000000086500000, 0x0000000086600000|  0%| F|  |TAMS 0x0000000086500000, 0x0000000086500000| Untracked 
|  82|0x0000000086600000, 0x0000000086600000, 0x0000000086700000|  0%| F|  |TAMS 0x0000000086600000, 0x0000000086600000| Untracked 
|  83|0x0000000086700000, 0x0000000086700000, 0x0000000086800000|  0%| F|  |TAMS 0x0000000086700000, 0x0000000086700000| Untracked 
|  84|0x0000000086800000, 0x0000000086800000, 0x0000000086900000|  0%| F|  |TAMS 0x0000000086800000, 0x0000000086800000| Untracked 
|  85|0x0000000086900000, 0x0000000086900000, 0x0000000086a00000|  0%| F|  |TAMS 0x0000000086900000, 0x0000000086900000| Untracked 
|  86|0x0000000086a00000, 0x0000000086a00000, 0x0000000086b00000|  0%| F|  |TAMS 0x0000000086a00000, 0x0000000086a00000| Untracked 
|  87|0x0000000086b00000, 0x0000000086b00000, 0x0000000086c00000|  0%| F|  |TAMS 0x0000000086b00000, 0x0000000086b00000| Untracked 
|  88|0x0000000086c00000, 0x0000000086c00000, 0x0000000086d00000|  0%| F|  |TAMS 0x0000000086c00000, 0x0000000086c00000| Untracked 
|  89|0x0000000086d00000, 0x0000000086d00000, 0x0000000086e00000|  0%| F|  |TAMS 0x0000000086d00000, 0x0000000086d00000| Untracked 
|  90|0x0000000086e00000, 0x0000000086e00000, 0x0000000086f00000|  0%| F|  |TAMS 0x0000000086e00000, 0x0000000086e00000| Untracked 
|  91|0x0000000086f00000, 0x0000000086f00000, 0x0000000087000000|  0%| F|  |TAMS 0x0000000086f00000, 0x0000000086f00000| Untracked 
|  92|0x0000000087000000, 0x0000000087000000, 0x0000000087100000|  0%| F|  |TAMS 0x0000000087000000, 0x0000000087000000| Untracked 
|  93|0x0000000087100000, 0x0000000087100000, 0x0000000087200000|  0%| F|  |TAMS 0x0000000087100000, 0x0000000087100000| Untracked 
|  94|0x0000000087200000, 0x0000000087200000, 0x0000000087300000|  0%| F|  |TAMS 0x0000000087200000, 0x0000000087200000| Untracked 
|  95|0x0000000087300000, 0x0000000087300000, 0x0000000087400000|  0%| F|  |TAMS 0x0000000087300000, 0x0000000087300000| Untracked 
|  96|0x0000000087400000, 0x0000000087400000, 0x0000000087500000|  0%| F|  |TAMS 0x0000000087400000, 0x0000000087400000| Untracked 
|  97|0x0000000087500000, 0x0000000087500000, 0x0000000087600000|  0%| F|  |TAMS 0x0000000087500000, 0x0000000087500000| Untracked 
|  98|0x0000000087600000, 0x0000000087600000, 0x0000000087700000|  0%| F|  |TAMS 0x0000000087600000, 0x0000000087600000| Untracked 
|  99|0x0000000087700000, 0x0000000087700000, 0x0000000087800000|  0%| F|  |TAMS 0x0000000087700000, 0x0000000087700000| Untracked 
| 100|0x0000000087800000, 0x0000000087800000, 0x0000000087900000|  0%| F|  |TAMS 0x0000000087800000, 0x0000000087800000| Untracked 
| 101|0x0000000087900000, 0x0000000087900000, 0x0000000087a00000|  0%| F|  |TAMS 0x0000000087900000, 0x0000000087900000| Untracked 
| 102|0x0000000087a00000, 0x0000000087a00000, 0x0000000087b00000|  0%| F|  |TAMS 0x0000000087a00000, 0x0000000087a00000| Untracked 
| 103|0x0000000087b00000, 0x0000000087b00000, 0x0000000087c00000|  0%| F|  |TAMS 0x0000000087b00000, 0x0000000087b00000| Untracked 
| 104|0x0000000087c00000, 0x0000000087c00000, 0x0000000087d00000|  0%| F|  |TAMS 0x0000000087c00000, 0x0000000087c00000| Untracked 
| 105|0x0000000087d00000, 0x0000000087d00000, 0x0000000087e00000|  0%| F|  |TAMS 0x0000000087d00000, 0x0000000087d00000| Untracked 
| 106|0x0000000087e00000, 0x0000000087e00000, 0x0000000087f00000|  0%| F|  |TAMS 0x0000000087e00000, 0x0000000087e00000| Untracked 
| 107|0x0000000087f00000, 0x0000000087f00000, 0x0000000088000000|  0%| F|  |TAMS 0x0000000087f00000, 0x0000000087f00000| Untracked 
| 108|0x0000000088000000, 0x0000000088000000, 0x0000000088100000|  0%| F|  |TAMS 0x0000000088000000, 0x0000000088000000| Untracked 
| 109|0x0000000088100000, 0x0000000088100000, 0x0000000088200000|  0%| F|  |TAMS 0x0000000088100000, 0x0000000088100000| Untracked 
| 110|0x0000000088200000, 0x0000000088200000, 0x0000000088300000|  0%| F|  |TAMS 0x0000000088200000, 0x0000000088200000| Untracked 
| 111|0x0000000088300000, 0x0000000088300000, 0x0000000088400000|  0%| F|  |TAMS 0x0000000088300000, 0x0000000088300000| Untracked 
| 112|0x0000000088400000, 0x00000000884d0158, 0x0000000088500000| 81%| S|CS|TAMS 0x0000000088400000, 0x0000000088400000| Complete 
| 113|0x0000000088500000, 0x0000000088500000, 0x0000000088600000|  0%| F|  |TAMS 0x0000000088500000, 0x0000000088500000| Untracked 
| 114|0x0000000088600000, 0x0000000088600000, 0x0000000088700000|  0%| F|  |TAMS 0x0000000088600000, 0x0000000088600000| Untracked 
| 115|0x0000000088700000, 0x0000000088700000, 0x0000000088800000|  0%| F|  |TAMS 0x0000000088700000, 0x0000000088700000| Untracked 
| 116|0x0000000088800000, 0x0000000088800000, 0x0000000088900000|  0%| F|  |TAMS 0x0000000088800000, 0x0000000088800000| Untracked 
| 117|0x0000000088900000, 0x0000000088900000, 0x0000000088a00000|  0%| F|  |TAMS 0x0000000088900000, 0x0000000088900000| Untracked 
| 118|0x0000000088a00000, 0x0000000088a00000, 0x0000000088b00000|  0%| F|  |TAMS 0x0000000088a00000, 0x0000000088a00000| Untracked 
| 119|0x0000000088b00000, 0x0000000088b00000, 0x0000000088c00000|  0%| F|  |TAMS 0x0000000088b00000, 0x0000000088b00000| Untracked 
| 120|0x0000000088c00000, 0x0000000088c00000, 0x0000000088d00000|  0%| F|  |TAMS 0x0000000088c00000, 0x0000000088c00000| Untracked 
| 121|0x0000000088d00000, 0x0000000088d00000, 0x0000000088e00000|  0%| F|  |TAMS 0x0000000088d00000, 0x0000000088d00000| Untracked 
| 122|0x0000000088e00000, 0x0000000088e00000, 0x0000000088f00000|  0%| F|  |TAMS 0x0000000088e00000, 0x0000000088e00000| Untracked 
| 123|0x0000000088f00000, 0x0000000088fbac48, 0x0000000089000000| 72%| E|  |TAMS 0x0000000088f00000, 0x0000000088f00000| Complete 
| 124|0x0000000089000000, 0x0000000089100000, 0x0000000089100000|100%| E|CS|TAMS 0x0000000089000000, 0x0000000089000000| Complete 
| 125|0x0000000089100000, 0x0000000089200000, 0x0000000089200000|100%| E|CS|TAMS 0x0000000089100000, 0x0000000089100000| Complete 
| 126|0x0000000089200000, 0x0000000089300000, 0x0000000089300000|100%| E|CS|TAMS 0x0000000089200000, 0x0000000089200000| Complete 
| 127|0x0000000089300000, 0x0000000089400000, 0x0000000089400000|100%| E|CS|TAMS 0x0000000089300000, 0x0000000089300000| Complete 

Card table byte_map: [0x000001ce31630000,0x000001ce31a30000] _byte_map_base: 0x000001ce31226000

Marking Bits (Prev, Next): (CMBitMap*) 0x000001ce1a6caa20, (CMBitMap*) 0x000001ce1a6caa60
 Prev Bits: [0x000001ce31e30000, 0x000001ce33de0000)
 Next Bits: [0x000001ce33de0000, 0x000001ce35d90000)

Polling page: 0x000001ce18800000

Metaspace:

Usage:
  Non-class:      9.47 MB used.
      Class:      1.09 MB used.
       Both:     10.56 MB used.

Virtual space:
  Non-class space:       64.00 MB reserved,       9.56 MB ( 15%) committed,  1 nodes.
      Class space:        1.00 GB reserved,       1.25 MB ( <1%) committed,  1 nodes.
             Both:        1.06 GB reserved,      10.81 MB ( <1%) committed. 

Chunk freelists:
   Non-Class:  2.03 MB
       Class:  2.80 MB
        Both:  4.83 MB

MaxMetaspaceSize: unlimited
CompressedClassSpaceSize: 1.00 GB
Initial GC threshold: 21.00 MB
Current GC threshold: 21.00 MB
CDS: on
MetaspaceReclaimPolicy: balanced
 - commit_granule_bytes: 65536.
 - commit_granule_words: 8192.
 - virtual_space_node_default_size: 8388608.
 - enlarge_chunks_in_place: 1.
 - new_chunks_are_fully_committed: 0.
 - uncommit_free_chunks: 1.
 - use_allocation_guard: 0.


Internal statistics:

num_allocs_failed_limit: 0.
num_arena_births: 146.
num_arena_deaths: 0.
num_vsnodes_births: 2.
num_vsnodes_deaths: 0.
num_space_committed: 173.
num_space_uncommitted: 0.
num_chunks_returned_to_freelist: 0.
num_chunks_taken_from_freelist: 371.
num_chunk_merges: 0.
num_chunk_splits: 228.
num_chunks_enlarged: 160.
num_inconsistent_stats: 0.

CodeHeap 'non-profiled nmethods': size=120000Kb used=405Kb max_used=405Kb free=119594Kb
 bounds [0x000001ce29d00000, 0x000001ce29f70000, 0x000001ce31230000]
CodeHeap 'profiled nmethods': size=120000Kb used=2306Kb max_used=2306Kb free=117693Kb
 bounds [0x000001ce227d0000, 0x000001ce22a40000, 0x000001ce29d00000]
CodeHeap 'non-nmethods': size=5760Kb used=1229Kb max_used=1242Kb free=4530Kb
 bounds [0x000001ce22230000, 0x000001ce224a0000, 0x000001ce227d0000]
 total_blobs=1680 nmethods=1239 adapters=354
 compilation: enabled
              stopped_count=0, restarted_count=0
 full_count=0

Compilation events (20 events):
Event: 1.942 Thread 0x000001ce3821d890 1231       1       java.lang.Boolean::booleanValue (5 bytes)
Event: 1.942 Thread 0x000001ce3821d890 nmethod 1231 0x000001ce29d64990 code [0x000001ce29d64b20, 0x000001ce29d64bf8]
Event: 1.942 Thread 0x000001ce3c7fe6d0 nmethod 1229 0x000001ce29d64c90 code [0x000001ce29d64e00, 0x000001ce29d65018]
Event: 1.946 Thread 0x000001ce3821d890 1232       1       ch.qos.logback.classic.Logger::getName (5 bytes)
Event: 1.946 Thread 0x000001ce3821d890 nmethod 1232 0x000001ce29d65090 code [0x000001ce29d65220, 0x000001ce29d652f8]
Event: 1.950 Thread 0x000001ce3821d890 1233       3       java.util.jar.Manifest$FastInputStream::readLine (296 bytes)
Event: 1.951 Thread 0x000001ce3821d890 nmethod 1233 0x000001ce22a07310 code [0x000001ce22a07540, 0x000001ce22a07ee8]
Event: 1.954 Thread 0x000001ce3821d890 1234       3       java.lang.invoke.Invokers$Holder::linkToTargetMethod (9 bytes)
Event: 1.954 Thread 0x000001ce3821d890 nmethod 1234 0x000001ce22a08310 code [0x000001ce22a084c0, 0x000001ce22a088b8]
Event: 1.955 Thread 0x000001ce3821d890 1235       3       java.lang.ref.SoftReference::<init> (13 bytes)
Event: 1.955 Thread 0x000001ce3821d890 nmethod 1235 0x000001ce22a08990 code [0x000001ce22a08b40, 0x000001ce22a08e58]
Event: 1.955 Thread 0x000001ce3821d890 1236       3       java.lang.reflect.Array::newInstance (6 bytes)
Event: 1.955 Thread 0x000001ce3821d890 nmethod 1236 0x000001ce22a08f90 code [0x000001ce22a09120, 0x000001ce22a09248]
Event: 1.958 Thread 0x000001ce3821d890 1237       1       java.lang.reflect.Constructor::getDeclaringClass (5 bytes)
Event: 1.958 Thread 0x000001ce3821d890 nmethod 1237 0x000001ce29d65390 code [0x000001ce29d65520, 0x000001ce29d655f8]
Event: 1.958 Thread 0x000001ce3821d890 1238       3       org.springframework.util.ObjectUtils::nullSafeEquals (55 bytes)
Event: 1.958 Thread 0x000001ce3821d890 nmethod 1238 0x000001ce22a09310 code [0x000001ce22a09520, 0x000001ce22a09a18]
Event: 1.960 Thread 0x000001ce3821d890 1239       3       java.lang.invoke.MemberName::<init> (139 bytes)
Event: 1.960 Thread 0x000001ce3821d890 nmethod 1239 0x000001ce22a09b90 code [0x000001ce22a09ee0, 0x000001ce22a0b158]
Event: 1.960 Thread 0x000001ce3821d890 1240       3       java.lang.invoke.TypeConvertingMethodAdapter::convertType (299 bytes)

GC Heap History (4 events):
Event: 1.456 GC heap before
{Heap before GC invocations=0 (full 0):
 garbage-first heap   total 131072K, used 13312K [0x0000000081400000, 0x0000000100000000)
  region size 1024K, 13 young (13312K), 0 survivors (0K)
 Metaspace       used 5458K, committed 5696K, reserved 1114112K
  class space    used 498K, committed 640K, reserved 1048576K
}
Event: 1.460 GC heap after
{Heap after GC invocations=1 (full 0):
 garbage-first heap   total 131072K, used 3411K [0x0000000081400000, 0x0000000100000000)
  region size 1024K, 2 young (2048K), 2 survivors (2048K)
 Metaspace       used 5458K, committed 5696K, reserved 1114112K
  class space    used 498K, committed 640K, reserved 1048576K
}
Event: 1.837 GC heap before
{Heap before GC invocations=1 (full 0):
 garbage-first heap   total 131072K, used 15699K [0x0000000081400000, 0x0000000100000000)
  region size 1024K, 15 young (15360K), 2 survivors (2048K)
 Metaspace       used 9270K, committed 9472K, reserved 1114112K
  class space    used 957K, committed 1088K, reserved 1048576K
}
Event: 1.840 GC heap after
{Heap after GC invocations=2 (full 0):
 garbage-first heap   total 131072K, used 4420K [0x0000000081400000, 0x0000000100000000)
  region size 1024K, 1 young (1024K), 1 survivors (1024K)
 Metaspace       used 9270K, committed 9472K, reserved 1114112K
  class space    used 957K, committed 1088K, reserved 1048576K
}

Deoptimization events (20 events):
Event: 1.771 Thread 0x000001ce3cce7ab0 DEOPT PACKING pc=0x000001ce228c73c1 sp=0x00000060c24fd990
Event: 1.771 Thread 0x000001ce3cce7ab0 DEOPT UNPACKING pc=0x000001ce22282b43 sp=0x00000060c24fcde8 mode 1
Event: 1.771 Thread 0x000001ce3cce7ab0 DEOPT PACKING pc=0x000001ce228c6d5c sp=0x00000060c24fda20
Event: 1.771 Thread 0x000001ce3cce7ab0 DEOPT UNPACKING pc=0x000001ce22282b43 sp=0x00000060c24fced8 mode 1
Event: 1.777 Thread 0x000001ce3cce7ab0 DEOPT PACKING pc=0x000001ce228c73c1 sp=0x00000060c24fcb50
Event: 1.777 Thread 0x000001ce3cce7ab0 DEOPT UNPACKING pc=0x000001ce22282b43 sp=0x00000060c24fbfa8 mode 1
Event: 1.777 Thread 0x000001ce3cce7ab0 DEOPT PACKING pc=0x000001ce228c6d5c sp=0x00000060c24fcbe0
Event: 1.777 Thread 0x000001ce3cce7ab0 DEOPT UNPACKING pc=0x000001ce22282b43 sp=0x00000060c24fc098 mode 1
Event: 1.780 Thread 0x000001ce3cce7ab0 Uncommon trap: trap_request=0xffffffc6 fr.pc=0x000001ce29d48ee4 relative=0x00000000000003a4
Event: 1.781 Thread 0x000001ce3cce7ab0 Uncommon trap: reason=bimorphic_or_optimized_type_check action=maybe_recompile pc=0x000001ce29d48ee4 method=java.util.concurrent.ConcurrentHashMap.get(Ljava/lang/Object;)Ljava/lang/Object; @ 149 c2
Event: 1.781 Thread 0x000001ce3cce7ab0 DEOPT PACKING pc=0x000001ce29d48ee4 sp=0x00000060c24fb830
Event: 1.781 Thread 0x000001ce3cce7ab0 DEOPT UNPACKING pc=0x000001ce222823a3 sp=0x00000060c24fb7c0 mode 2
Event: 1.898 Thread 0x000001ce3cce7ab0 DEOPT PACKING pc=0x000001ce228c73c1 sp=0x00000060c24fd2d0
Event: 1.898 Thread 0x000001ce3cce7ab0 DEOPT UNPACKING pc=0x000001ce22282b43 sp=0x00000060c24fc728 mode 1
Event: 1.898 Thread 0x000001ce3cce7ab0 DEOPT PACKING pc=0x000001ce228c6d5c sp=0x00000060c24fd360
Event: 1.898 Thread 0x000001ce3cce7ab0 DEOPT UNPACKING pc=0x000001ce22282b43 sp=0x00000060c24fc818 mode 1
Event: 1.898 Thread 0x000001ce3cce7ab0 DEOPT PACKING pc=0x000001ce229f3e64 sp=0x00000060c24fdd80
Event: 1.898 Thread 0x000001ce3cce7ab0 DEOPT UNPACKING pc=0x000001ce22282b43 sp=0x00000060c24fd248 mode 1
Event: 1.898 Thread 0x000001ce3cce7ab0 DEOPT PACKING pc=0x000001ce229f395c sp=0x00000060c24fde10
Event: 1.898 Thread 0x000001ce3cce7ab0 DEOPT UNPACKING pc=0x000001ce22282b43 sp=0x00000060c24fd2e8 mode 1

Classes loaded (20 events):
Event: 1.958 Loading class org/springframework/boot/support/SpringFactoriesEnvironmentPostProcessorsFactory$Adapter done
Event: 1.959 Loading class org/springframework/boot/EnvironmentPostProcessor
Event: 1.959 Loading class org/springframework/boot/EnvironmentPostProcessor done
Event: 1.959 Loading class org/springframework/boot/EnvironmentPostProcessor
Event: 1.959 Loading class org/springframework/boot/EnvironmentPostProcessor done
Event: 1.960 Loading class org/springframework/aot/AotDetector
Event: 1.960 Loading class org/springframework/aot/AotDetector done
Event: 1.960 Loading class org/springframework/core/NativeDetector$Context
Event: 1.960 Loading class org/springframework/core/NativeDetector$Context done
Event: 1.961 Loading class org/springframework/boot/env/RandomValuePropertySource
Event: 1.961 Loading class org/springframework/boot/env/RandomValuePropertySource done
Event: 1.961 Loading class java/security/SecureRandom
Event: 1.961 Loading class java/security/SecureRandom done
Event: 1.961 Loading class sun/security/jca/Providers
Event: 1.961 Loading class sun/security/jca/Providers done
Event: 1.962 Loading class sun/security/jca/ProviderList
Event: 1.962 Loading class sun/security/jca/ProviderList done
Event: 1.962 Loading class sun/security/jca/ProviderConfig
Event: 1.962 Loading class sun/security/jca/ProviderConfig done
Event: 1.962 Loading class java/security/Provider

Classes unloaded (0 events):
No events

Classes redefined (1 events):
Event: 0.922 Thread 0x000001ce381f2ff0 redefined class name=java.lang.Throwable, count=1

Internal exceptions (20 events):
Event: 1.320 Thread 0x000001ce1a6693b0 Exception <a 'java/lang/NoSuchMethodError'{0x0000000088a4b1c8}: 'java.lang.Object java.lang.invoke.DirectMethodHandle$Holder.invokeInterface(java.lang.Object, java.lang.Object)'> (0x0000000088a4b1c8) 
thrown [s\src\hotspot\share\interpreter\linkResolver.cpp, line 759]
Event: 1.346 Thread 0x000001ce1a6693b0 Exception <a 'java/lang/NoSuchMethodError'{0x0000000088aee7c0}: 'void java.lang.invoke.DirectMethodHandle$Holder.invokeStaticInit(java.lang.Object, java.lang.Object, java.lang.Object, java.lang.Object)'> (0x0000000088aee7c0) 
thrown [s\src\hotspot\share\interpreter\linkResolver.cpp, line 759]
Event: 1.419 Thread 0x000001ce1a6693b0 Exception <a 'java/lang/NoSuchMethodError'{0x00000000888d0080}: 'java.lang.Object java.lang.invoke.DirectMethodHandle$Holder.invokeSpecial(java.lang.Object, java.lang.Object, java.lang.Object, long, java.lang.Object)'> (0x00000000888d0080) 
thrown [s\src\hotspot\share\interpreter\linkResolver.cpp, line 759]
Event: 1.419 Thread 0x000001ce1a6693b0 Exception <a 'java/lang/NoSuchMethodError'{0x00000000888d3c70}: 'java.lang.Object java.lang.invoke.Invokers$Holder.linkToTargetMethod(java.lang.Object, long, java.lang.Object, java.lang.Object)'> (0x00000000888d3c70) 
thrown [s\src\hotspot\share\interpreter\linkResolver.cpp, line 759]
Event: 1.559 Thread 0x000001ce1a6693b0 Exception <a 'java/lang/NoSuchMethodError'{0x00000000891ff810}: 'int java.lang.invoke.DirectMethodHandle$Holder.invokeStaticInit(java.lang.Object, java.lang.Object)'> (0x00000000891ff810) 
thrown [s\src\hotspot\share\interpreter\linkResolver.cpp, line 759]
Event: 1.580 Thread 0x000001ce1a6693b0 Exception <a 'java/lang/NoSuchMethodError'{0x00000000890dfba8}: 'void java.lang.invoke.DirectMethodHandle$Holder.invokeInterface(java.lang.Object, java.lang.Object, java.lang.Object, java.lang.Object)'> (0x00000000890dfba8) 
thrown [s\src\hotspot\share\interpreter\linkResolver.cpp, line 759]
Event: 1.676 Thread 0x000001ce1a6693b0 Exception <a 'java/lang/NoSuchMethodError'{0x0000000088d87f80}: 'java.lang.Object java.lang.invoke.DirectMethodHandle$Holder.invokeSpecialIFC(java.lang.Object, java.lang.Object, java.lang.Object, java.lang.Object)'> (0x0000000088d87f80) 
thrown [s\src\hotspot\share\interpreter\linkResolver.cpp, line 759]
Event: 1.680 Thread 0x000001ce1a6693b0 Exception <a 'java/lang/NoSuchMethodError'{0x0000000088da8210}: 'java.lang.Object java.lang.invoke.DirectMethodHandle$Holder.invokeInterface(java.lang.Object, java.lang.Object, java.lang.Object)'> (0x0000000088da8210) 
thrown [s\src\hotspot\share\interpreter\linkResolver.cpp, line 759]
Event: 1.725 Thread 0x000001ce1a6693b0 Exception <a 'java/lang/NoSuchMethodError'{0x0000000088b30ce8}: 'int java.lang.invoke.DirectMethodHandle$Holder.invokeSpecial(java.lang.Object, java.lang.Object, java.lang.Object)'> (0x0000000088b30ce8) 
thrown [s\src\hotspot\share\interpreter\linkResolver.cpp, line 759]
Event: 1.762 Thread 0x000001ce3cce7ab0 Exception <a 'java/lang/NoSuchMethodError'{0x0000000088922a80}: 'void java.lang.invoke.DirectMethodHandle$Holder.invokeStatic(java.lang.Object, java.lang.Object)'> (0x0000000088922a80) 
thrown [s\src\hotspot\share\interpreter\linkResolver.cpp, line 759]
Event: 1.762 Thread 0x000001ce3cce7ab0 Exception <a 'java/lang/NoSuchMethodError'{0x00000000889264f8}: 'void java.lang.invoke.DirectMethodHandle$Holder.invokeSpecial(java.lang.Object, java.lang.Object, java.lang.Object)'> (0x00000000889264f8) 
thrown [s\src\hotspot\share\interpreter\linkResolver.cpp, line 759]
Event: 1.783 Thread 0x000001ce3cce7ab0 Exception <a 'java/lang/NoSuchMethodError'{0x0000000088820138}: 'int java.lang.invoke.DirectMethodHandle$Holder.invokeStaticInit(java.lang.Object, java.lang.Object, java.lang.Object)'> (0x0000000088820138) 
thrown [s\src\hotspot\share\interpreter\linkResolver.cpp, line 759]
Event: 1.788 Thread 0x000001ce3cce7ab0 Exception <a 'java/lang/NoSuchMethodError'{0x000000008886f008}: 'java.lang.Object java.lang.invoke.DirectMethodHandle$Holder.newInvokeSpecial(java.lang.Object, java.lang.Object, java.lang.Object, java.lang.Object, java.lang.Object)'> (0x000000008886f008) 
thrown [s\src\hotspot\share\interpreter\linkResolver.cpp, line 759]
Event: 1.824 Thread 0x000001ce3cce7ab0 Exception <a 'java/lang/IncompatibleClassChangeError'{0x0000000088798b68}: Found class java.lang.Object, but interface was expected> (0x0000000088798b68) 
thrown [s\src\hotspot\share\interpreter\linkResolver.cpp, line 826]
Event: 1.852 Thread 0x000001ce3cce7ab0 Exception <a 'sun/nio/fs/WindowsException'{0x0000000089359fe0}> (0x0000000089359fe0) 
thrown [s\src\hotspot\share\prims\jni.cpp, line 516]
Event: 1.887 Thread 0x000001ce3cce7ab0 Exception <a 'java/lang/NoSuchMethodError'{0x0000000089290e68}: 'java.lang.Object java.lang.invoke.Invokers$Holder.invokeExact_MT(java.lang.Object, java.lang.Object, java.lang.Object, java.lang.Object, java.lang.Object, java.lang.Object)'> (0x0000000089290e68) 
thrown [s\src\hotspot\share\interpreter\linkResolver.cpp, line 759]
Event: 1.941 Thread 0x000001ce3cce7ab0 Exception <a 'java/lang/NoSuchMethodError'{0x00000000890d0938}: 'java.lang.Object java.lang.invoke.DirectMethodHandle$Holder.invokeStatic(java.lang.Object, java.lang.Object, long, java.lang.Object)'> (0x00000000890d0938) 
thrown [s\src\hotspot\share\interpreter\linkResolver.cpp, line 759]
Event: 1.941 Thread 0x000001ce3cce7ab0 Exception <a 'java/lang/NoSuchMethodError'{0x00000000890d74c8}: 'java.lang.Object java.lang.invoke.DirectMethodHandle$Holder.invokeStaticInit(java.lang.Object, java.lang.Object, long, java.lang.Object)'> (0x00000000890d74c8) 
thrown [s\src\hotspot\share\interpreter\linkResolver.cpp, line 759]
Event: 1.942 Thread 0x000001ce3cce7ab0 Exception <a 'java/lang/NoSuchMethodError'{0x00000000890ddb60}: 'java.lang.Object java.lang.invoke.DirectMethodHandle$Holder.newInvokeSpecial(java.lang.Object, java.lang.Object, long)'> (0x00000000890ddb60) 
thrown [s\src\hotspot\share\interpreter\linkResolver.cpp, line 759]
Event: 1.942 Thread 0x000001ce3cce7ab0 Exception <a 'java/lang/NoSuchMethodError'{0x00000000890e16f8}: 'java.lang.Object java.lang.invoke.Invokers$Holder.linkToTargetMethod(java.lang.Object, long, java.lang.Object)'> (0x00000000890e16f8) 
thrown [s\src\hotspot\share\interpreter\linkResolver.cpp, line 759]

VM Operations (20 events):
Event: 0.888 Executing VM operation: ChangeBreakpoints
Event: 0.888 Executing VM operation: ChangeBreakpoints done
Event: 0.922 Executing VM operation: RedefineClasses
Event: 0.923 Executing VM operation: RedefineClasses done
Event: 0.967 Executing VM operation: get/set locals
Event: 0.967 Executing VM operation: get/set locals done
Event: 1.256 Executing VM operation: HandshakeAllThreads
Event: 1.256 Executing VM operation: HandshakeAllThreads done
Event: 1.326 Executing VM operation: HandshakeAllThreads
Event: 1.326 Executing VM operation: HandshakeAllThreads done
Event: 1.345 Executing VM operation: HandshakeAllThreads
Event: 1.345 Executing VM operation: HandshakeAllThreads done
Event: 1.456 Executing VM operation: G1CollectForAllocation
Event: 1.460 Executing VM operation: G1CollectForAllocation done
Event: 1.461 Executing VM operation: Cleanup
Event: 1.461 Executing VM operation: Cleanup done
Event: 1.508 Executing VM operation: HandshakeAllThreads
Event: 1.508 Executing VM operation: HandshakeAllThreads done
Event: 1.837 Executing VM operation: G1CollectForAllocation
Event: 1.840 Executing VM operation: G1CollectForAllocation done

Events (20 events):
Event: 0.069 Thread 0x000001ce38215e30 Thread added: 0x000001ce38215e30
Event: 0.069 Thread 0x000001ce382167d0 Thread added: 0x000001ce382167d0
Event: 0.069 Thread 0x000001ce3821cc30 Thread added: 0x000001ce3821cc30
Event: 0.070 Thread 0x000001ce3821d890 Thread added: 0x000001ce3821d890
Event: 0.070 Thread 0x000001ce38227a50 Thread added: 0x000001ce38227a50
Event: 0.114 Thread 0x000001ce381e0ab0 Thread added: 0x000001ce381e0ab0
Event: 0.142 Thread 0x000001ce3c556920 Thread added: 0x000001ce3c556920
Event: 0.142 Thread 0x000001ce3c555500 Thread added: 0x000001ce3c555500
Event: 0.142 Thread 0x000001ce3c5559e0 Thread added: 0x000001ce3c5559e0
Event: 0.890 Loaded shared library C:\Users\VikramKrishna\.jdks\corretto-18.0.2\bin\instrument.dll
Event: 0.977 Thread 0x000001ce3c6eaaf0 Thread added: 0x000001ce3c6eaaf0
Event: 1.065 Loaded shared library C:\Users\VikramKrishna\.jdks\corretto-18.0.2\bin\net.dll
Event: 1.067 Loaded shared library C:\Users\VikramKrishna\.jdks\corretto-18.0.2\bin\nio.dll
Event: 1.078 Loaded shared library C:\Users\VikramKrishna\.jdks\corretto-18.0.2\bin\zip.dll
Event: 1.110 Thread 0x000001ce3c7fe6d0 Thread added: 0x000001ce3c7fe6d0
Event: 1.183 Loaded shared library C:\Users\VikramKrishna\.jdks\corretto-18.0.2\bin\jimage.dll
Event: 1.709 Loaded shared library C:\Users\VikramKrishna\.jdks\corretto-18.0.2\bin\management.dll
Event: 1.716 Loaded shared library C:\Users\VikramKrishna\.jdks\corretto-18.0.2\bin\management_ext.dll
Event: 1.754 Thread 0x000001ce3cce6770 Thread added: 0x000001ce3cce6770
Event: 1.759 Thread 0x000001ce3cce7ab0 Thread added: 0x000001ce3cce7ab0


Dynamic libraries:
0x00007ff6dd090000 - 0x00007ff6dd09d000 	C:\Users\VikramKrishna\.jdks\corretto-18.0.2\bin\java.exe
0x00007fff9cdd0000 - 0x00007fff9cfc8000 	C:\Windows\SYSTEM32\ntdll.dll
0x00007fff9c150000 - 0x00007fff9c212000 	C:\Windows\System32\KERNEL32.DLL
0x00007fff9a500000 - 0x00007fff9a7f6000 	C:\Windows\System32\KERNELBASE.dll
0x00007fff9a800000 - 0x00007fff9a900000 	C:\Windows\System32\ucrtbase.dll
0x00007fff961b0000 - 0x00007fff961c7000 	C:\Users\VikramKrishna\.jdks\corretto-18.0.2\bin\jli.dll
0x00007fff94740000 - 0x00007fff94755000 	C:\Users\VikramKrishna\.jdks\corretto-18.0.2\bin\VCRUNTIME140.dll
0x00007fff9cab0000 - 0x00007fff9cc51000 	C:\Windows\System32\USER32.dll
0x00007fff9a900000 - 0x00007fff9a922000 	C:\Windows\System32\win32u.dll
0x00007fff9c120000 - 0x00007fff9c14b000 	C:\Windows\System32\GDI32.dll
0x00007fff9a9e0000 - 0x00007fff9aaf9000 	C:\Windows\System32\gdi32full.dll
0x00007fff9a460000 - 0x00007fff9a4fd000 	C:\Windows\System32\msvcp_win.dll
0x00007fff8c9a0000 - 0x00007fff8cc3b000 	C:\Windows\WinSxS\amd64_microsoft.windows.common-controls_6595b64144ccf1df_6.0.19041.6456_none_60b8a6cb71f64256\COMCTL32.dll
0x00007fff9afa0000 - 0x00007fff9b03e000 	C:\Windows\System32\msvcrt.dll
0x00007fff9b350000 - 0x00007fff9b37f000 	C:\Windows\System32\IMM32.DLL
0x00007fff8bc60000 - 0x00007fff8bcfb000 	C:\Users\VikramKrishna\.jdks\corretto-18.0.2\bin\msvcp140.dll
0x00007fff5bbd0000 - 0x00007fff5c841000 	C:\Users\VikramKrishna\.jdks\corretto-18.0.2\bin\server\jvm.dll
0x00007fff9b280000 - 0x00007fff9b331000 	C:\Windows\System32\ADVAPI32.dll
0x00007fff9b0c0000 - 0x00007fff9b15f000 	C:\Windows\System32\sechost.dll
0x00007fff9b460000 - 0x00007fff9b580000 	C:\Windows\System32\RPCRT4.dll
0x00007fff9adc0000 - 0x00007fff9ade7000 	C:\Windows\System32\bcrypt.dll
0x00007fff9b340000 - 0x00007fff9b348000 	C:\Windows\System32\PSAPI.DLL
0x00007fff97810000 - 0x00007fff97819000 	C:\Windows\SYSTEM32\WSOCK32.dll
0x00007fff907d0000 - 0x00007fff907f7000 	C:\Windows\SYSTEM32\WINMM.dll
0x00007fff9b210000 - 0x00007fff9b27b000 	C:\Windows\System32\WS2_32.dll
0x00007fff8a920000 - 0x00007fff8a92a000 	C:\Windows\SYSTEM32\VERSION.dll
0x00007fff982f0000 - 0x00007fff98302000 	C:\Windows\SYSTEM32\kernel.appcore.dll
0x00007fff90e80000 - 0x00007fff90e8a000 	C:\Users\VikramKrishna\.jdks\corretto-18.0.2\bin\jimage.dll
0x00007fff89fc0000 - 0x00007fff8a1c1000 	C:\Windows\SYSTEM32\DBGHELP.DLL
0x00007fff87490000 - 0x00007fff874c4000 	C:\Windows\SYSTEM32\dbgcore.DLL
0x00007fff9ad30000 - 0x00007fff9adb2000 	C:\Windows\System32\bcryptPrimitives.dll
0x00007fff8a310000 - 0x00007fff8a34a000 	C:\Users\VikramKrishna\.jdks\corretto-18.0.2\bin\jdwp.dll
0x00007fff8e9e0000 - 0x00007fff8e9ee000 	C:\Users\VikramKrishna\.jdks\corretto-18.0.2\bin\instrument.dll
0x00007fff8c8a0000 - 0x00007fff8c8c5000 	C:\Users\VikramKrishna\.jdks\corretto-18.0.2\bin\java.dll
0x00007fff8bc40000 - 0x00007fff8bc58000 	C:\Users\VikramKrishna\.jdks\corretto-18.0.2\bin\zip.dll
0x00007fff6b8d0000 - 0x00007fff6b9a6000 	C:\Users\VikramKrishna\.jdks\corretto-18.0.2\bin\jsvml.dll
0x00007fff9b810000 - 0x00007fff9bf80000 	C:\Windows\System32\SHELL32.dll
0x00007fff984f0000 - 0x00007fff98c95000 	C:\Windows\SYSTEM32\windows.storage.dll
0x00007fff9c6f0000 - 0x00007fff9ca44000 	C:\Windows\System32\combase.dll
0x00007fff99db0000 - 0x00007fff99ddb000 	C:\Windows\SYSTEM32\Wldp.dll
0x00007fff9b390000 - 0x00007fff9b45d000 	C:\Windows\System32\OLEAUT32.dll
0x00007fff9b160000 - 0x00007fff9b20d000 	C:\Windows\System32\SHCORE.dll
0x00007fff9bfa0000 - 0x00007fff9bffb000 	C:\Windows\System32\shlwapi.dll
0x00007fff9a390000 - 0x00007fff9a3b4000 	C:\Windows\SYSTEM32\profapi.dll
0x00007fff8cc40000 - 0x00007fff8cc4c000 	C:\Users\VikramKrishna\.jdks\corretto-18.0.2\bin\dt_socket.dll
0x00007fff997f0000 - 0x00007fff9982b000 	C:\Windows\SYSTEM32\IPHLPAPI.DLL
0x00007fff99b10000 - 0x00007fff99b7a000 	C:\Windows\system32\mswsock.dll
0x00007fff90dc0000 - 0x00007fff90dd3000 	C:\Users\VikramKrishna\.jdks\corretto-18.0.2\bin\net.dll
0x00007fff958c0000 - 0x00007fff959ca000 	C:\Windows\SYSTEM32\WINHTTP.dll
0x00007fff8c840000 - 0x00007fff8c855000 	C:\Users\VikramKrishna\.jdks\corretto-18.0.2\bin\nio.dll
0x00007fff8c830000 - 0x00007fff8c839000 	C:\Users\VikramKrishna\.jdks\corretto-18.0.2\bin\management.dll
0x00007fff8c7f0000 - 0x00007fff8c7fb000 	C:\Users\VikramKrishna\.jdks\corretto-18.0.2\bin\management_ext.dll

dbghelp: loaded successfully - version: 4.0.5 - missing functions: none
symbol engine: initialized successfully - sym options: 0x614 - pdb path: .;C:\Users\VikramKrishna\.jdks\corretto-18.0.2\bin;C:\Windows\SYSTEM32;C:\Windows\WinSxS\amd64_microsoft.windows.common-controls_6595b64144ccf1df_6.0.19041.6456_none_60b8a6cb71f64256;C:\Users\VikramKrishna\.jdks\corretto-18.0.2\bin\server

VM Arguments:
jvm_args: -agentlib:jdwp=transport=dt_socket,address=127.0.0.1:64035,suspend=y,server=n -javaagent:C:\Users\VikramKrishna\AppData\Local\JetBrains\IdeaIC2024.3\captureAgent\debugger-agent.jar -Dkotlinx.coroutines.debug.enable.creation.stack.trace=false -Ddebugger.agent.enable.coroutines=true -Dkotlinx.coroutines.debug.enable.flows.stack.trace=true -Dkotlinx.coroutines.debug.enable.mutable.state.flows.stack.trace=true -Dfile.encoding=UTF-8 -Dsun.stdout.encoding=UTF-8 -Dsun.stderr.encoding=UTF-8 
java_command: com.trading.app.TradingApplication --spring.profiles.active=dev
java_class_path (initial): E:\PROJECT\trading-app\target\classes;C:\Users\VikramKrishna\.m2\repository\org\springframework\boot\spring-boot-starter-webmvc\4.1.0\spring-boot-starter-webmvc-4.1.0.jar;C:\Users\VikramKrishna\.m2\repository\org\springframework\boot\spring-boot-starter\4.1.0\spring-boot-starter-4.1.0.jar;C:\Users\VikramKrishna\.m2\repository\org\springframework\boot\spring-boot-starter-logging\4.1.0\spring-boot-starter-logging-4.1.0.jar;C:\Users\VikramKrishna\.m2\repository\ch\qos\logback\logback-classic\1.5.34\logback-classic-1.5.34.jar;C:\Users\VikramKrishna\.m2\repository\ch\qos\logback\logback-core\1.5.34\logback-core-1.5.34.jar;C:\Users\VikramKrishna\.m2\repository\org\apache\logging\log4j\log4j-to-slf4j\2.25.4\log4j-to-slf4j-2.25.4.jar;C:\Users\VikramKrishna\.m2\repository\org\apache\logging\log4j\log4j-api\2.25.4\log4j-api-2.25.4.jar;C:\Users\VikramKrishna\.m2\repository\org\slf4j\jul-to-slf4j\2.0.18\jul-to-slf4j-2.0.18.jar;C:\Users\VikramKrishna\.m2\repository\jakarta\annotation\jakarta.annotation-api\3.0.0\jakarta.annotation-api-3.0.0.jar;C:\Users\VikramKrishna\.m2\repository\org\yaml\snakeyaml\2.6\snakeyaml-2.6.jar;C:\Users\VikramKrishna\.m2\repository\org\springframework\boot\spring-boot-starter-jackson\4.1.0\spring-boot-starter-jackson-4.1.0.jar;C:\Users\VikramKrishna\.m2\repository\org\springframework\boot\spring-boot-jackson\4.1.0\spring-boot-jackson-4.1.0.jar;C:\Users\VikramKrishna\.m2\repository\tools\jackson\core\jackson-databind\3.1.4\jackson-databind-3.1.4.jar;C:\Users\VikramKrishna\.m2\repository\com\fasterxml\jackson\core\jackson-annotations\2.21\jackson-annotations-2.21.jar;C:\Users\VikramKrishna\.m2\repository\tools\jackson\core\jackson-core\3.1.4\jackson-core-3.1.4.jar;C:\Users\VikramKrishna\.m2\repository\org\springframework\boot\spring-boot-starter-tomcat\4.1.0\spring-boot-starter-tomcat-4.1.0.jar;C:\Users\VikramKrishna\.m2\repository\org\springframework\boot\spring-boot-starter-tomcat-runtime\4.1.0\spring-boot-starter-tomcat-runtime-4.1.0.jar;C:\Users\VikramKrishna\.m2\repository\org\apache\tomcat\embed\tomcat-embed-core\11.0.22\tomcat-embed-core-11.0.22.jar;C:\Users\VikramKrishna\.m2\repository\org\apache\tomcat\embed\tomcat-embed-el\11.0.22\tomcat-embed-el-11.0.22.jar;C:\Users\VikramKrishna\.m2\repository\org\apache\tomcat\embed\tomcat-embed-websocket\11.0.22\tomcat-embed-websocket-11.0.22.jar;C:\Users\VikramKrishna\.m2\repository\org\springframework\boot\spring-boot-tomcat\4.1.0\spring-boot-tomcat-4.1.0.jar;C:\Users\VikramKrishna\.m2\repository\org\springframework\boot\spring-boot-http-converter\4.1.0\spring-boot-http-converter-4.1.0.jar;C:\Users\VikramKrishna\.m2\repository\org\springframework\spring-web\7.0.8\spring-web-7.0.8.jar;C:\Users\VikramKrishna\.m2\repository\org\springframework\spring-beans\7.0.8\spring-beans-7.0.8.jar;C:\Users\VikramKrishna\.m2\repository\io\micrometer\micrometer-observation\1.17.0\micrometer-observation-1.17.0.jar;C:\Users\VikramKrishna\.m2\repository\io\micrometer\micrometer-commons\1.17.0\micrometer-commons-1.17.0.jar;C:\Users\VikramKrishna\.m2\repository\org\springframework\boot\spring-boot-webmvc\4.1.0\spring-boot-webmvc-4.1.0.jar;C:\Users\VikramKrishna\.m2\repository\org\springframework\boot\spring-boot-servlet\4.1.0\spring-boot-servlet-4.1.0.jar;C:\Users\VikramKrishna\.m2\repository\org\springframework\spring-webmvc\7.0.8\spring-webmvc-7.0.8.jar;C:\Users\VikramKrishna\.m2\repository\org\springframework\spring-aop\7.0.8\spring-aop-7.0.8.jar;C:\Users\VikramKrishna\.m2\repository\org\springframework\spring-expression\7.0.8\spring-expression-7.0.8.jar;C:\Users\VikramKrishna\.m2\repository\org\springframework\boot\spring-boot-devtools\4.1.0\spring-boot-devtools-4.1.0.jar;C:\Users\VikramKrishna\.m2\repository\org\springframework\boot\spring-boot\4.1.0\spring-boot-4.1.0.jar;C:\Users\VikramKrishna\.m2\repository\org\springframework\spring-core\7.0.8\spring-core-7.0.8.jar;C:\Users\VikramKrishna\.m2\repository\commons-logging\commons-logging\1.3.6\commons-logging-1.3.6.jar;C:\Users\VikramKrishna\.m2\repository\org\jspecify\jspecify\1.0.0\jspecify-1.0.0.jar;C:\Users\VikramKrishna\.m2\repository\org\springframework\spring-context\7.0.8\spring-context-7.0.8.jar;C:\Users\VikramKrishna\.m2\repository\org\springframework\boot\spring-boot-autoconfigure\4.1.0\spring-boot-autoconfigure-4.1.0.jar;C:\Users\VikramKrishna\.m2\repository\org\projectlombok\lombok\1.18.46\lombok-1.18.46.jar;C:\Users\VikramKrishna\.m2\repository\org\slf4j\slf4j-api\2.0.18\slf4j-api-2.0.18.jar;C:\Users\VikramKrishna\.m2\repository\org\springframework\boot\spring-boot-web-server\4.1.0\spring-boot-web-server-4.1.0.jar;C:\Program Files\JetBrains\IntelliJ IDEA Community Edition 2024.3.5\lib\idea_rt.jar
Launcher Type: SUN_STANDARD

[Global flags]
     intx CICompilerCount                          = 3                                         {product} {ergonomic}
     uint ConcGCThreads                            = 1                                         {product} {ergonomic}
     uint G1ConcRefinementThreads                  = 4                                         {product} {ergonomic}
   size_t G1HeapRegionSize                         = 1048576                                   {product} {ergonomic}
    uintx GCDrainStackTargetSize                   = 64                                        {product} {ergonomic}
   size_t InitialHeapSize                          = 134217728                                 {product} {ergonomic}
   size_t MarkStackSize                            = 4194304                                   {product} {ergonomic}
   size_t MaxHeapSize                              = 2126512128                                {product} {ergonomic}
   size_t MaxNewSize                               = 1275068416                                {product} {ergonomic}
   size_t MinHeapDeltaBytes                        = 1048576                                   {product} {ergonomic}
   size_t MinHeapSize                              = 8388608                                   {product} {ergonomic}
    uintx NonNMethodCodeHeapSize                   = 5832780                                {pd product} {ergonomic}
    uintx NonProfiledCodeHeapSize                  = 122912730                              {pd product} {ergonomic}
    uintx ProfiledCodeHeapSize                     = 122912730                              {pd product} {ergonomic}
    uintx ReservedCodeCacheSize                    = 251658240                              {pd product} {ergonomic}
     bool SegmentedCodeCache                       = true                                      {product} {ergonomic}
   size_t SoftMaxHeapSize                          = 2126512128                             {manageable} {ergonomic}
     bool UseCompressedClassPointers               = true                           {product lp64_product} {ergonomic}
     bool UseCompressedOops                        = true                           {product lp64_product} {ergonomic}
     bool UseG1GC                                  = true                                      {product} {ergonomic}
     bool UseLargePagesIndividualAllocation        = false                                  {pd product} {ergonomic}

Logging:
Log output configuration:
 #0: stdout all=warning uptime,level,tags foldmultilines=false
 #1: stderr all=off uptime,level,tags foldmultilines=false

Environment Variables:
JAVA_HOME=C:\Program Files\Java\jdk-21
PATH=C:\Windows\system32;C:\Windows;C:\Windows\System32\Wbem;C:\Windows\System32\WindowsPowerShell\v1.0\;C:\Windows\System32\OpenSSH\;C:\Program Files\Git\cmd;C:\ProgramData\chocolatey\bin;C:\Program Files\Java\jdk-21\bin;C:\Program Files\Common Files\apache-maven-3.9.9\bin;C:\Program Files\nodejs\;C:\Program Files\dotnet\;C:\Users\VikramKrishna\AppData\Local\Microsoft\WindowsApps;;C:\Program Files\JetBrains\IntelliJ IDEA Community Edition 2024.3.5\bin;;C:\Users\VikramKrishna\AppData\Local\Programs\Microsoft VS Code\bin;C:\Users\VikramKrishna\AppData\Roaming\npm
USERNAME=VikramKrishna
OS=Windows_NT
PROCESSOR_IDENTIFIER=Intel64 Family 6 Model 60 Stepping 3, GenuineIntel



---------------  S Y S T E M  ---------------

OS:
 Windows 10 , 64 bit Build 19041 (10.0.19041.5915)
OS uptime: 1 days 10:26 hours

CPU: total 4 (initial active 4) (4 cores per cpu, 1 threads per core) family 6 model 60 stepping 3 microcode 0x27, cx8, cmov, fxsr, mmx, sse, sse2, sse3, ssse3, sse4.1, sse4.2, popcnt, lzcnt, tsc, tscinvbit, avx, avx2, aes, erms, clmul, bmi1, bmi2, fma, vzeroupper, clflush

Memory: 4k page, system-wide physical 8110M (548M free)
TotalPageFile size 12206M (AvailPageFile size 0M)
current process WorkingSet (physical memory assigned to process): 83M, peak: 83M
current process commit charge ("private bytes"): 231M, peak: 231M

vm_info: OpenJDK 64-Bit Server VM (18.0.2+9-FR) for windows-amd64 JRE (18.0.2+9-FR), built on Jul 15 2022 20:03:03 by "Administrator" with MS VC++ 15.9 (VS2017)

END.
